This file contains any messages produced by compilers while
running configure, to aid debugging if configure makes a mistake.

It was created by libarchive configure 3.8.8, which was
generated by GNU Autoconf 2.72.  Invocation command line was

  $ ./configure --disable-maintainer-mode --enable-static --disable-shared

## --------- ##
## Platform. ##
## --------- ##

hostname = Josh-Laptop
uname -m = x86_64
uname -r = 6.6.114.1-microsoft-standard-WSL2
uname -s = Linux
uname -v = #1 SMP PREEMPT_DYNAMIC Mon Dec  1 20:46:23 UTC 2025

/usr/bin/uname -p = unknown
/bin/uname -X     = unknown

/bin/arch              = x86_64
/usr/bin/arch -k       = unknown
/usr/convex/getsysinfo = unknown
/usr/bin/hostinfo      = unknown
/bin/machine           = unknown
/usr/bin/oslevel       = unknown
/bin/universe          = unknown

PATH: /home/josha/.local/bin/
PATH: /home/josha/.cargo/bin/
PATH: /usr/local/sbin/
PATH: /usr/local/bin/
PATH: /usr/sbin/
PATH: /usr/bin/
PATH: /sbin/
PATH: /bin/
PATH: /usr/games/
PATH: /usr/local/games/
PATH: /usr/lib/wsl/lib/
PATH: /mnt/c/WINDOWS/system32/
PATH: /mnt/c/Program Files/dotnet/
PATH: /mnt/c/WINDOWS/
PATH: /mnt/c/WINDOWS/System32/WindowsPowerShell/v1.0/
PATH: /mnt/c/Users/josha/Coding/Tools/GCC/mingw64/bin/
PATH: /mnt/c/Users/josha/Coding/Tools/LuaJIT/luajit/src/
PATH: /mnt/c/Program Files/Common Files/Oracle/Java/javapath/
PATH: /mnt/c/WINDOWS/System32/Wbem/
PATH: /mnt/c/WINDOWS/System32/OpenSSH/
PATH: /mnt/c/Program Files/Git/cmd/
PATH: /mnt/c/Program Files/nodejs/
PATH: /mnt/c/Users/josha/Downloads/meteorRename/
PATH: /mnt/c/Program Files/Git/usr/bin/
PATH: /mnt/c/Program Files/PowerShell/7/
PATH: /mnt/c/Program Files/dotnet/
PATH: /mnt/c/Program Files/Emacs/
PATH: /mnt/c/D/dmd2/windows/bin64/
PATH: /mnt/c/D/dmd2/windows/bin/
PATH: /mnt/c/Program Files/GitHub CLI/
PATH: /mnt/c/Program Files/PowerShell/7/
PATH: /mnt/c/Users/josha/.cargo/bin/
PATH: /mnt/c/Users/josha/AppData/Local/Microsoft/WindowsApps/
PATH: /mnt/c/Users/josha/AppData/Local/Packages/PythonSoftwareFoundation.Python.3.13_qbz5n2kfra8p0/LocalCache/local-packages/Python313/Scripts/
PATH: /mnt/c/Users/josha/Coding/Tools/Neovim/nvim-win64/bin/
PATH: /mnt/c/Users/josha/AppData/Roaming/npm/
PATH: /mnt/c/Program Files/JetBrains/PyCharm 2025.2.4/bin/
PATH: /mnt/c/Users/josha/AppData/Local/JetBrains/Toolbox/scripts/
PATH: /mnt/c/Users/josha/Downloads/platform-tools/
PATH: /mnt/c/Users/josha/Coding/C/gnutime/
PATH: /mnt/c/Users/josha/Coding/fastfetch/
PATH: /mnt/c/Users/josha/Coding/batcat/
PATH: /mnt/c/Users/josha/Coding/fasm/
PATH: /mnt/c/Users/josha/Coding/Porth/porth/
PATH: /mnt/c/Users/josha/Coding/Batch/makegen/
PATH: /mnt/c/Users/josha/Coding/Porth/porth/std/
PATH: /mnt/c/Users/josha/Coding/Tools/cloc/
PATH: /mnt/c/Users/josha/AppData/Local/PowerToys/DSCModules/
PATH: /mnt/c/Program Files/LLVM/bin/
PATH: /mnt/c/Users/josha/AppData/Local/Microsoft/WinGet/Packages/Gyan.FFmpeg_Microsoft.Winget.Source_8wekyb3d8bbwe/ffmpeg-8.1.1-full_build/bin/
PATH: /mnt/c/Users/josha/AppData/Local/Microsoft/WinGet/Packages/zig.zig_Microsoft.Winget.Source_8wekyb3d8bbwe/zig-x86_64-windows-0.16.0/
PATH: /mnt/c/Users/josha/AppData/Local/Microsoft/WinGet/Packages/Microsoft.Pave_Microsoft.Winget.Source_8wekyb3d8bbwe/
PATH: /mnt/c/Users/josha/AppData/Local/Microsoft/WinGet/Packages/Microsoft.Edit_Microsoft.Winget.Source_8wekyb3d8bbwe/edit-2.0.0-x86_64-windows/
PATH: /mnt/c/Program Files/Git/mingw64/bin/
PATH: /mnt/c/Users/josha/.local/bin/
PATH: /mnt/c/Users/josha/Coding/Tools/btop/
PATH: /snap/bin/
PATH: /home/josha/.dotnet/tools/


## ----------- ##
## Core tests. ##
## ----------- ##

configure:3144: looking for aux files: config.rpath ltmain.sh compile config.guess config.sub missing install-sh
configure:3157:  trying ./build/autoconf/
configure:3186:   ./build/autoconf/config.rpath found
configure:3186:   ./build/autoconf/ltmain.sh found
configure:3186:   ./build/autoconf/compile found
configure:3186:   ./build/autoconf/config.guess found
configure:3186:   ./build/autoconf/config.sub found
configure:3186:   ./build/autoconf/missing found
configure:3168:   ./build/autoconf/install-sh found
configure:3323: checking for a BSD-compatible install
configure:3397: result: /usr/bin/install -c
configure:3408: checking whether sleep supports fractional seconds
configure:3424: result: yes
configure:3427: checking filesystem timestamp resolution
configure:3562: result: 0.01
configure:3567: checking whether build environment is sane
configure:3608: result: yes
configure:3779: checking for a race-free mkdir -p
configure:3822: result: /usr/bin/mkdir -p
configure:3829: checking for gawk
configure:3850: found /usr/bin/gawk
configure:3862: result: gawk
configure:3873: checking whether make sets $(MAKE)
configure:3897: result: yes
configure:3923: checking whether make supports nested variables
configure:3942: result: yes
configure:3956: checking xargs -n works
configure:3972: result: yes
configure:4071: checking whether to enable maintainer-specific portions of Makefiles
configure:4082: result: no
configure:4172: checking build system type
configure:4188: result: x86_64-pc-linux-gnu
configure:4208: checking host system type
configure:4223: result: x86_64-pc-linux-gnu
configure:4341: checking for gcc
configure:4362: found /usr/bin/gcc
configure:4374: result: gcc
configure:4733: checking for C compiler version
configure:4742: gcc --version >&5
gcc (Debian 15.2.0-14) 15.2.0
Copyright (C) 2025 Free Software Foundation, Inc.
This is free software; see the source for copying conditions.  There is NO
warranty; not even for MERCHANTABILITY or FITNESS FOR A PARTICULAR PURPOSE.

configure:4753: $? = 0
configure:4742: gcc -v >&5
Using built-in specs.
COLLECT_GCC=gcc
COLLECT_LTO_WRAPPER=/usr/libexec/gcc/x86_64-linux-gnu/15/lto-wrapper
OFFLOAD_TARGET_NAMES=nvptx-none:amdgcn-amdhsa
OFFLOAD_TARGET_DEFAULT=1
Target: x86_64-linux-gnu
Configured with: ../src/configure -v --with-pkgversion='Debian 15.2.0-14' --with-bugurl=file:///usr/share/doc/gcc-15/README.Bugs --enable-languages=c,ada,c++,go,d,fortran,objc,obj-c++,m2,rust,cobol,algol68 --prefix=/usr --with-gcc-major-version-only --program-suffix=-15 --program-prefix=x86_64-linux-gnu- --enable-shared --enable-linker-build-id --libexecdir=/usr/libexec --without-included-gettext --enable-threads=posix --libdir=/usr/lib --enable-nls --enable-bootstrap --enable-clocale=gnu --enable-libstdcxx-debug --enable-libstdcxx-time=yes --with-default-libstdcxx-abi=new --enable-libstdcxx-backtrace --enable-gnu-unique-object --disable-vtable-verify --enable-plugin --enable-default-pie --with-system-zlib --enable-libphobos-checking=release --with-target-system-zlib=auto --enable-objc-gc=auto --enable-multiarch --disable-werror --enable-cet --with-arch-32=i686 --with-abi=m64 --with-multilib-list=m32,m64,mx32 --enable-multilib --with-tune=generic --enable-offload-targets=nvptx-none=/build/reproducible-path/gcc-15-15.2.0/debian/tmp-nvptx/usr,amdgcn-amdhsa=/build/reproducible-path/gcc-15-15.2.0/debian/tmp-gcn/usr --enable-offload-defaulted --without-cuda-driver --enable-checking=release --build=x86_64-linux-gnu --host=x86_64-linux-gnu --target=x86_64-linux-gnu --with-build-config=bootstrap-lto-lean --enable-link-serialization=3
Thread model: posix
Supported LTO compression algorithms: zlib zstd
gcc version 15.2.0 (Debian 15.2.0-14) 
... rest of stderr output deleted ...
configure:4753: $? = 0
configure:4742: gcc -V >&5
gcc: error: unrecognized command-line option '-V'
gcc: fatal error: no input files
compilation terminated.
configure:4753: $? = 1
configure:4742: gcc -qversion >&5
gcc: error: unrecognized command-line option '-qversion'; did you mean '--version'?
gcc: fatal error: no input files
compilation terminated.
configure:4753: $? = 1
configure:4742: gcc -version >&5
gcc: error: unrecognized command-line option '-version'
gcc: fatal error: no input files
compilation terminated.
configure:4753: $? = 1
configure:4773: checking whether the C compiler works
configure:4795: gcc    conftest.c  >&5
configure:4799: $? = 0
configure:4850: result: yes
configure:4854: checking for C compiler default output file name
configure:4856: result: a.out
configure:4862: checking for suffix of executables
configure:4869: gcc -o conftest    conftest.c  >&5
configure:4873: $? = 0
configure:4897: result: 
configure:4921: checking whether we are cross compiling
configure:4929: gcc -o conftest    conftest.c  >&5
configure:4933: $? = 0
configure:4940: ./conftest
configure:4944: $? = 0
configure:4959: result: no
configure:4965: checking for suffix of object files
configure:4988: gcc -c   conftest.c >&5
configure:4992: $? = 0
configure:5016: result: o
configure:5020: checking whether the compiler supports GNU C
configure:5040: gcc -c   conftest.c >&5
configure:5040: $? = 0
configure:5052: result: yes
configure:5063: checking whether gcc accepts -g
configure:5084: gcc -c -g  conftest.c >&5
configure:5084: $? = 0
configure:5131: result: yes
configure:5151: checking for gcc option to enable C11 features
configure:5166: gcc  -c -g -O2  conftest.c >&5
configure:5166: $? = 0
configure:5185: result: none needed
configure:5309: checking whether gcc understands -c and -o together
configure:5332: gcc -c conftest.c -o conftest2.o
configure:5335: $? = 0
configure:5332: gcc -c conftest.c -o conftest2.o
configure:5335: $? = 0
configure:5348: result: yes
configure:5368: checking whether make supports the include directive
configure:5383: make -f confmf.GNU && cat confinc.out
make[1]: Entering directory '/home/josha/compak/src/libarchive'
make[1]: Leaving directory '/home/josha/compak/src/libarchive'
this is the am__doit target
configure:5386: $? = 0
configure:5405: result: yes (GNU style)
configure:5431: checking dependency style of gcc
configure:5544: result: gcc3
configure:5565: checking how to run the C preprocessor
configure:5591: gcc -E  conftest.c
configure:5591: $? = 0
configure:5607: gcc -E  conftest.c
conftest.c:18:10: fatal error: ac_nonexistent.h: No such file or directory
   18 | #include <ac_nonexistent.h>
      |          ^~~~~~~~~~~~~~~~~~
compilation terminated.
configure:5607: $? = 1
configure: failed program was:
| /* confdefs.h */
| #define PACKAGE_NAME "libarchive"
| #define PACKAGE_TARNAME "libarchive"
| #define PACKAGE_VERSION "3.8.8"
| #define PACKAGE_STRING "libarchive 3.8.8"
| #define PACKAGE_BUGREPORT "libarchive-discuss@googlegroups.com"
| #define PACKAGE_URL ""
| #define PACKAGE "libarchive"
| #define VERSION "3.8.8"
| #define __LIBARCHIVE_CONFIG_H_INCLUDED 1
| #define LIBARCHIVE_VERSION_STRING "3.8.8"
| #define LIBARCHIVE_VERSION_NUMBER "3008008"
| #define BSDCPIO_VERSION_STRING "3.8.8"
| #define BSDTAR_VERSION_STRING "3.8.8"
| #define BSDCAT_VERSION_STRING "3.8.8"
| #define BSDUNZIP_VERSION_STRING "3.8.8"
| /* end confdefs.h.  */
| #include <ac_nonexistent.h>
configure:5636: result: gcc -E
configure:5650: gcc -E  conftest.c
configure:5650: $? = 0
configure:5666: gcc -E  conftest.c
conftest.c:18:10: fatal error: ac_nonexistent.h: No such file or directory
   18 | #include <ac_nonexistent.h>
      |          ^~~~~~~~~~~~~~~~~~
compilation terminated.
configure:5666: $? = 1
configure: failed program was:
| /* confdefs.h */
| #define PACKAGE_NAME "libarchive"
| #define PACKAGE_TARNAME "libarchive"
| #define PACKAGE_VERSION "3.8.8"
| #define PACKAGE_STRING "libarchive 3.8.8"
| #define PACKAGE_BUGREPORT "libarchive-discuss@googlegroups.com"
| #define PACKAGE_URL ""
| #define PACKAGE "libarchive"
| #define VERSION "3.8.8"
| #define __LIBARCHIVE_CONFIG_H_INCLUDED 1
| #define LIBARCHIVE_VERSION_STRING "3.8.8"
| #define LIBARCHIVE_VERSION_NUMBER "3008008"
| #define BSDCPIO_VERSION_STRING "3.8.8"
| #define BSDTAR_VERSION_STRING "3.8.8"
| #define BSDCAT_VERSION_STRING "3.8.8"
| #define BSDUNZIP_VERSION_STRING "3.8.8"
| /* end confdefs.h.  */
| #include <ac_nonexistent.h>
configure:5703: checking for stdio.h
configure:5703: gcc -c -g -O2  conftest.c >&5
configure:5703: $? = 0
configure:5703: result: yes
configure:5703: checking for stdlib.h
configure:5703: gcc -c -g -O2  conftest.c >&5

## ---------------- ##
## Cache variables. ##
## ---------------- ##

ac_cv_build=x86_64-pc-linux-gnu
ac_cv_c_compiler_gnu=yes
ac_cv_env_CC_set=
ac_cv_env_CC_value=
ac_cv_env_CFLAGS_set=
ac_cv_env_CFLAGS_value=
ac_cv_env_CPPFLAGS_set=
ac_cv_env_CPPFLAGS_value=
ac_cv_env_CPP_set=
ac_cv_env_CPP_value=
ac_cv_env_ICONV_PC_CFLAGS_set=
ac_cv_env_ICONV_PC_CFLAGS_value=
ac_cv_env_ICONV_PC_LIBS_set=
ac_cv_env_ICONV_PC_LIBS_value=
ac_cv_env_LDFLAGS_set=
ac_cv_env_LDFLAGS_value=
ac_cv_env_LIBS_set=
ac_cv_env_LIBS_value=
ac_cv_env_LIBXML2_PC_CFLAGS_set=
ac_cv_env_LIBXML2_PC_CFLAGS_value=
ac_cv_env_LIBXML2_PC_LIBS_set=
ac_cv_env_LIBXML2_PC_LIBS_value=
ac_cv_env_LT_SYS_LIBRARY_PATH_set=
ac_cv_env_LT_SYS_LIBRARY_PATH_value=
ac_cv_env_LZMA_PC_CFLAGS_set=
ac_cv_env_LZMA_PC_CFLAGS_value=
ac_cv_env_LZMA_PC_LIBS_set=
ac_cv_env_LZMA_PC_LIBS_value=
ac_cv_env_PKG_CONFIG_LIBDIR_set=
ac_cv_env_PKG_CONFIG_LIBDIR_value=
ac_cv_env_PKG_CONFIG_PATH_set=
ac_cv_env_PKG_CONFIG_PATH_value=
ac_cv_env_PKG_CONFIG_set=
ac_cv_env_PKG_CONFIG_value=
ac_cv_env_build_alias_set=
ac_cv_env_build_alias_value=
ac_cv_env_host_alias_set=
ac_cv_env_host_alias_value=
ac_cv_env_target_alias_set=
ac_cv_env_target_alias_value=
ac_cv_header_stdio_h=yes
ac_cv_host=x86_64-pc-linux-gnu
ac_cv_objext=o
ac_cv_path_install='/usr/bin/install -c'
ac_cv_path_mkdir=/usr/bin/mkdir
ac_cv_prog_AWK=gawk
ac_cv_prog_CPP='gcc -E'
ac_cv_prog_ac_ct_CC=gcc
ac_cv_prog_cc_c11=
ac_cv_prog_cc_g=yes
ac_cv_prog_cc_stdc=
ac_cv_prog_make_make_set=yes
am_cv_CC_dependencies_compiler_type=gcc3
am_cv_filesystem_timestamp_resolution=0.01
am_cv_make_support_nested_variables=yes
am_cv_prog_cc_c_o=yes
am_cv_sleep_fractional_seconds=yes
am_cv_xargs_n_works=yes

## ----------------- ##
## Output variables. ##
## ----------------- ##

ACLOCAL='${SHELL} '\''/home/josha/compak/src/libarchive/build/autoconf/missing'\'' aclocal-1.17'
AMDEPBACKSLASH='\'
AMDEP_FALSE='#'
AMDEP_TRUE=''
AMTAR='$${TAR-tar}'
AM_BACKSLASH='\'
AM_DEFAULT_V=''
AM_DEFAULT_VERBOSITY='0'
AM_V=''
AR=''
ARCHIVE_LIBTOOL_VERSION='21:8:8'
AS=''
AUTOCONF='${SHELL} '\''/home/josha/compak/src/libarchive/build/autoconf/missing'\'' autoconf'
AUTOHEADER='${SHELL} '\''/home/josha/compak/src/libarchive/build/autoconf/missing'\'' autoheader'
AUTOMAKE='${SHELL} '\''/home/josha/compak/src/libarchive/build/autoconf/missing'\'' automake-1.17'
AWK='gawk'
BSDCAT_VERSION_STRING='3.8.8'
BSDCPIO_VERSION_STRING='3.8.8'
BSDTAR_VERSION_STRING='3.8.8'
BSDUNZIP_VERSION_STRING='3.8.8'
BUILD_BSDCAT_FALSE=''
BUILD_BSDCAT_TRUE=''
BUILD_BSDCPIO_FALSE=''
BUILD_BSDCPIO_TRUE=''
BUILD_BSDTAR_FALSE=''
BUILD_BSDTAR_TRUE=''
BUILD_BSDUNZIP_FALSE=''
BUILD_BSDUNZIP_TRUE=''
CC='gcc'
CCDEPMODE='depmode=gcc3'
CFLAGS='-g -O2'
CPP='gcc -E'
CPPFLAGS=''
CSCOPE='cscope'
CTAGS='ctags'
CYGPATH_W='echo'
DEAD_CODE_REMOVAL=''
DEFS=''
DEPDIR='.deps'
DLLTOOL=''
DSYMUTIL=''
DUMPBIN=''
ECHO_C=''
ECHO_N='-n'
ECHO_T=''
EGREP=''
ETAGS='etags'
EXEEXT=''
FGREP=''
FILECMD=''
GREP=''
ICONV_PC_CFLAGS=''
ICONV_PC_LIBS=''
INC_BLAKE2_FALSE=''
INC_BLAKE2_TRUE=''
INC_CYGWIN_FILES_FALSE=''
INC_CYGWIN_FILES_TRUE='#'
INC_DARWIN_ACL_FALSE=''
INC_DARWIN_ACL_TRUE=''
INC_FREEBSD_ACL_FALSE=''
INC_FREEBSD_ACL_TRUE=''
INC_LINUX_ACL_FALSE=''
INC_LINUX_ACL_TRUE=''
INC_SUNOS_ACL_FALSE=''
INC_SUNOS_ACL_TRUE=''
INC_WINDOWS_FILES_FALSE=''
INC_WINDOWS_FILES_TRUE='#'
INSTALL_DATA='${INSTALL} -m 644'
INSTALL_PROGRAM='${INSTALL}'
INSTALL_SCRIPT='${INSTALL}'
INSTALL_STRIP_PROGRAM='$(install_sh) -c -s'
LD=''
LDFLAGS=''
LIBARCHIVE_VERSION_NUMBER='3008008'
LIBARCHIVE_VERSION_STRING='3.8.8'
LIBICONV=''
LIBOBJS=''
LIBS=''
LIBSREQUIRED=''
LIBTOOL=''
LIBXML2_PC_CFLAGS=''
LIBXML2_PC_LIBS=''
LIPO=''
LN_S=''
LTLIBICONV=''
LTLIBOBJS=''
LT_SYS_LIBRARY_PATH=''
LZMA_PC_CFLAGS=''
LZMA_PC_LIBS=''
MAINT='#'
MAINTAINER_MODE_FALSE=''
MAINTAINER_MODE_TRUE='#'
MAKEINFO='${SHELL} '\''/home/josha/compak/src/libarchive/build/autoconf/missing'\'' makeinfo'
MANIFEST_TOOL=''
MKDIR_P='/usr/bin/mkdir -p'
NM=''
NMEDIT=''
OBJDUMP=''
OBJEXT='o'
OTOOL64=''
OTOOL=''
PACKAGE='libarchive'
PACKAGE_BUGREPORT='libarchive-discuss@googlegroups.com'
PACKAGE_NAME='libarchive'
PACKAGE_STRING='libarchive 3.8.8'
PACKAGE_TARNAME='libarchive'
PACKAGE_URL=''
PACKAGE_VERSION='3.8.8'
PATH_SEPARATOR=':'
PKG_CONFIG=''
PKG_CONFIG_LIBDIR=''
PKG_CONFIG_PATH=''
PLATFORMCPPFLAGS=''
RANLIB=''
SED=''
SET_MAKE=''
SHELL='/bin/bash'
STATIC_BSDCAT_FALSE=''
STATIC_BSDCAT_TRUE=''
STATIC_BSDCPIO_FALSE=''
STATIC_BSDCPIO_TRUE=''
STATIC_BSDTAR_FALSE=''
STATIC_BSDTAR_TRUE=''
STATIC_BSDUNZIP_FALSE=''
STATIC_BSDUNZIP_TRUE=''
STRIP=''
VERSION='3.8.8'
ac_ct_AR=''
ac_ct_CC='gcc'
ac_ct_DUMPBIN=''
am__EXEEXT_FALSE=''
am__EXEEXT_TRUE=''
am__fastdepCC_FALSE='#'
am__fastdepCC_TRUE=''
am__include='include'
am__isrc=''
am__leading_dot='.'
am__nodep='_no'
am__quote=''
am__rm_f_notfound=''
am__tar='$${TAR-tar} chof - "$$tardir"'
am__untar='$${TAR-tar} xf -'
am__xargs_n='xargs -n'
bindir='${exec_prefix}/bin'
build='x86_64-pc-linux-gnu'
build_alias=''
build_cpu='x86_64'
build_os='linux-gnu'
build_vendor='pc'
datadir='${datarootdir}'
datarootdir='${prefix}/share'
docdir='${datarootdir}/doc/${PACKAGE_TARNAME}'
dvidir='${docdir}'
exec_prefix='NONE'
host='x86_64-pc-linux-gnu'
host_alias=''
host_cpu='x86_64'
host_os='linux-gnu'
host_vendor='pc'
htmldir='${docdir}'
includedir='${prefix}/include'
infodir='${datarootdir}/info'
install_sh='${SHELL} /home/josha/compak/src/libarchive/build/autoconf/install-sh'
libdir='${exec_prefix}/lib'
libexecdir='${exec_prefix}/libexec'
localedir='${datarootdir}/locale'
localstatedir='${prefix}/var'
mandir='${datarootdir}/man'
mkdir_p='$(MKDIR_P)'
oldincludedir='/usr/include'
pdfdir='${docdir}'
prefix='NONE'
program_transform_name='s,x,x,'
psdir='${docdir}'
runstatedir='${localstatedir}/run'
sbindir='${exec_prefix}/sbin'
sharedstatedir='${prefix}/com'
sysconfdir='${prefix}/etc'
target_alias=''

## ----------- ##
## confdefs.h. ##
## ----------- ##

/* confdefs.h */
#define PACKAGE_NAME "libarchive"
#define PACKAGE_TARNAME "libarchive"
#define PACKAGE_VERSION "3.8.8"
#define PACKAGE_STRING "libarchive 3.8.8"
#define PACKAGE_BUGREPORT "libarchive-discuss@googlegroups.com"
#define PACKAGE_URL ""
#define PACKAGE "libarchive"
#define VERSION "3.8.8"
#define __LIBARCHIVE_CONFIG_H_INCLUDED 1
#define LIBARCHIVE_VERSION_STRING "3.8.8"
#define LIBARCHIVE_VERSION_NUMBER "3008008"
#define BSDCPIO_VERSION_STRING "3.8.8"
#define BSDTAR_VERSION_STRING "3.8.8"
#define BSDCAT_VERSION_STRING "3.8.8"
#define BSDUNZIP_VERSION_STRING "3.8.8"
#define HAVE_STDIO_H 1

configure: caught signal 2
configure: exit 1
